(Expected values to go here)
Diff against actual output after running the program